../Core/Src/stm32f4xx_hal_msp.c:64:6:HAL_MspInit	16	static
../Core/Src/stm32f4xx_hal_msp.c:89:6:HAL_DMA2D_MspInit	24	static
../Core/Src/stm32f4xx_hal_msp.c:112:6:HAL_DMA2D_MspDeInit	16	static
../Core/Src/stm32f4xx_hal_msp.c:134:6:HAL_I2C_MspInit	48	static
../Core/Src/stm32f4xx_hal_msp.c:179:6:HAL_I2C_MspDeInit	16	static
../Core/Src/stm32f4xx_hal_msp.c:210:6:HAL_LTDC_MspInit	112	static
../Core/Src/stm32f4xx_hal_msp.c:335:6:HAL_LTDC_MspDeInit	16	static
../Core/Src/stm32f4xx_hal_msp.c:397:6:HAL_SPI_MspInit	48	static
../Core/Src/stm32f4xx_hal_msp.c:435:6:HAL_SPI_MspDeInit	16	static
../Core/Src/stm32f4xx_hal_msp.c:461:13:HAL_FMC_MspInit	32	static
../Core/Src/stm32f4xx_hal_msp.c:568:6:HAL_SDRAM_MspInit	16	static
../Core/Src/stm32f4xx_hal_msp.c:580:13:HAL_FMC_MspDeInit	8	static
../Core/Src/stm32f4xx_hal_msp.c:655:6:HAL_SDRAM_MspDeInit	16	static
